Cleaning output directory (/home/jwchen119/Downloads/lineageos-15.1/device/motorola/kinzie/../../../vendor/motorola/kinzie/proprietary)..
Extracting 561 files in /home/jwchen119/Downloads/lineageos-15.1/device/motorola/kinzie/proprietary-files.txt from /home/jwchen119/Downloads/system_moto_x_force_N:
  - /bin/ATFWD-daemon 
  - /bin/adspd 
  - /bin/adsprpcd 
  - /bin/btnvtool 
  - /bin/cnd 
  - /bin/dbvc_atvc_property_set 
  - /bin/diag_klog 
  - /bin/diag_mdlog 
  - /bin/diag_mdlog-getlogs 
  - /bin/diag_mdlog-wrap 
  - /bin/diag_qshrink4_daemon 
  - /bin/fm_qsoc_patches 
  - /bin/hardware_revisions.sh 
  - /bin/hci_qcomm_init 
  - /bin/ipacm-diag 
  - /bin/irsc_util 
  - /bin/loc_launcher 
  - /bin/lowi-server 
  - /bin/mm-qcamera-daemon 
  - /bin/motosh 
  - /bin/msm_irqbalance 
  - /bin/netmgrd 
  - /bin/pm-proxy 
  - /bin/pm-service 
  - /bin/port-bridge 
  - /bin/qmi_motext_hook 
  - /bin/qmuxd 
  - /bin/qseecomd 
  - /bin/rfs_access 
  - /bin/rmt_storage 
  - /bin/ssr_setup 
  - /bin/test_diag 
  - /bin/time_daemon 
  - /bin/wcnss_filter 
  - /bin/xtwifi-client 
  - /bin/xtwifi-inet-agent 
  - /etc/acdbdata/Bluetooth_cal.acdb 
  - /etc/acdbdata/General_cal.acdb 
  - /etc/acdbdata/Global_cal.acdb 
  - /etc/acdbdata/Handset_cal.acdb 
  - /etc/acdbdata/Hdmi_cal.acdb 
  - /etc/acdbdata/Headset_cal.acdb 
  - /etc/acdbdata/Speaker_cal.acdb 
  - /etc/cne/SwimConfig.xml 
  - /etc/cne/andsfCne.xml 
  - /etc/data/dsi_config.xml 
  - /etc/data/netmgr_config.xml 
  - /etc/data/qmi_config.xml 
  - /etc/diag_mdlog/Bluetooth_V1.cfg 
  - /etc/diag_mdlog/Bluetooth_audio_V1.cfg 
  - /etc/diag_mdlog/Connection_Issues_V11.cfg 
  - /etc/diag_mdlog/FIT_V20_1.cfg 
  - /etc/diag_mdlog/FIT_V20_2_volte_full_ip.cfg 
  - /etc/diag_mdlog/GNSS_OTDOA_V1.cfg 
  - /etc/diag_mdlog/GNSS_SUPL_V7.cfg 
  - /etc/diag_mdlog/GNSS_V7.cfg 
  - /etc/diag_mdlog/Vzw_Connection_Issues_V2.cfg 
  - /etc/diag_mdlog/WLAN_V1.cfg 
  - /etc/diag_mdlog/default.cfg 
  - /etc/diag_mdlog/default.opts 
  - /etc/firmware/BCM20795A2_001.003.025.0005.0048_Generic_I2C_NCD_Signed_configdata.ncd 
  - /etc/firmware/a420_pfp.fw 
  - /etc/firmware/a420_pm4.fw 
  - /etc/firmware/atmel-a432-14073102-0102f7-kinzie.tdat 
  - /etc/firmware/cpp_firmware_v1_1_1.fw 
  - /etc/firmware/cpp_firmware_v1_1_6.fw 
  - /etc/firmware/cpp_firmware_v1_2_0.fw 
  - /etc/firmware/cpp_firmware_v1_4_0.fw 
  - /etc/firmware/cpp_firmware_v1_6_0.fw 
  - /etc/firmware/cpp_firmware_v1_8_0.fw 
  - /etc/firmware/dxhdcp2.b00 
  - /etc/firmware/dxhdcp2.b01 
  - /etc/firmware/dxhdcp2.b02 
  - /etc/firmware/dxhdcp2.b03 
  - /etc/firmware/dxhdcp2.mdt 
  - /etc/firmware/florida-dsp2-aov-frontend.wmfw 
  - /etc/firmware/florida-dsp3-aov-control.wmfw 
  - /etc/firmware/left.tfa9890.music.config 
  - /etc/firmware/left.tfa9890.music.eq 
  - /etc/firmware/left.tfa9890.ringtone.config 
  - /etc/firmware/left.tfa9890.ringtone.eq 
  - /etc/firmware/left.tfa9890.speaker 
  - /etc/firmware/left.tfa9890.voice.config 
  - /etc/firmware/left.tfa9890.voice.eq 
  - /etc/firmware/left.tfa9890_music_table.preset 
  - /etc/firmware/left.tfa9890_n1b12.patch 
  - /etc/firmware/left.tfa9890_n1c2.patch 
  - /etc/firmware/left.tfa9890_ringtone_table.preset 
  - /etc/firmware/left.tfa9890_voice_table.preset 
  - /etc/firmware/leia_pfp_470.fw 
  - /etc/firmware/leia_pm4_470.fw 
  - /etc/firmware/nvm_tlv.bin 
  - /etc/firmware/nvm_tlv_1.3.bin 
  - /etc/firmware/nvm_tlv_2.1.bin 
  - /etc/firmware/nvm_tlv_3.0.bin 
  - /etc/firmware/nvm_tlv_3.2.bin 
  - /etc/firmware/rampatch_tlv.img 
  - /etc/firmware/rampatch_tlv_1.3.tlv 
  - /etc/firmware/rampatch_tlv_2.1.tlv 
  - /etc/firmware/rampatch_tlv_3.0.tlv 
  - /etc/firmware/rampatch_tlv_3.2.tlv 
  - /etc/firmware/sensorhubfw.bin 
  - /etc/firmware/synaptics-s3528-15070602-1def27-kinzie.tdat 
  - /etc/firmware/synaptics-s3528ks-14102100-1a96a7-kinzie.tdat 
  - /etc/firmware/synaptics-s3528ks2-15070602-1def27-kinzie.tdat 
  - /etc/firmware/venus.b00 
  - /etc/firmware/venus.b01 
  - /etc/firmware/venus.b02 
  - /etc/firmware/venus.b03 
  - /etc/firmware/venus.b04 
  - /etc/firmware/venus.mbn 
  - /etc/firmware/venus.mdt 
  - /etc/firmware/vrgain.bin 
  - /etc/permissions/cneapiclient.xml 
  - /etc/permissions/com.motorola.camera.xml 
  - /etc/permissions/com.motorola.gallery.xml 
  - /etc/permissions/com.motorola.motosignature.xml 
  - /etc/permissions/com.qti.location.sdk.xml 
  - /etc/permissions/com.qualcomm.location.xml 
  - /etc/permissions/org.simalliance.openmobileapi.xml 
  - /etc/permissions/qcnvitems.xml 
  - /etc/permissions/qcrilhook.xml 
  - /etc/user_bhd_psy.conf 
  - /framework/com.motorola.motosignature.jar 
Checking if system is odexed and locating boot.oats...
    (updated /framework/com.motorola.motosignature.jar from odex files)
  - /framework/com.qti.location.sdk.jar 
    (updated /framework/com.qti.location.sdk.jar from odex files)
  - /framework/org.simalliance.openmobileapi.jar 
    (updated /framework/org.simalliance.openmobileapi.jar from odex files)
  - /framework/qcnvitems.jar 
    (updated /framework/qcnvitems.jar from odex files)
  - /framework/qcrilhook.jar 
    (updated /framework/qcrilhook.jar from odex files)
  - /framework/qti-telephony-common.jar 
    (updated /framework/qti-telephony-common.jar from odex files)
  - /lib/hw/audio.motvr.default.so 
  - /lib/hw/camera.vendor.msm8994.so 
  - /lib/hw/sensors.msm8994.so 
  - /lib/libAisAdapter.so 
  - /lib/libAlAisLib.so 
  - /lib/libAlAisTune.so 
  - /lib/libAlAisWrap.so 
  - /lib/libadspd.so 
  - /lib/libadvalgcore.so 
  - /lib/libbson.so 
  - /lib/libcamerabgprocservice.so 
  - /lib/libjscore.so 
  - /lib/libjustshoot.so 
  - /lib/libmbs.so 
  - /lib/libmdmcutback.so 
  - /lib/libmm-qcamera.so 
  - /lib/libmmcamera_interface.so 
  - /lib/libmmjpeg_interface.so 
  - /lib/libmot-qc-fd-offline.so 
  - /lib/libmot_lux_standardization.so 
  - /lib/libmot_sensorlistener.so 
  - /lib/libmotaudioutils.so 
  - /lib/libmotext_inf.so 
  - /lib/libqcomfm_jni.so 
  - /lib/libqmimotext.so 
  - /lib/libqomx_core.so 
  - /lib/libunshorten.so 
  - /lib/soundfx/libmmieffectswrapper.so 
  - /lib64/hw/sensorhub.msm8994.so 
  - /lib64/hw/sensors.msm8994.so 
  - /lib64/libadropbox.so 
  - /lib64/libadspd.so 
  - /lib64/libbson.so 
  - /lib64/libmdmcutback.so 
  - /lib64/libmotext_inf.so 
  - /lib64/libqcomfm_jni.so 
  - /lib64/libqmimotext.so 
  - /vendor/bin/audioflacapp 
  - /vendor/bin/perfd 
  - /vendor/bin/qti 
  - /vendor/bin/slim_daemon 
  - /vendor/etc/perf-profile0.conf 
  - /vendor/etc/perf-profile1.conf 
  - /vendor/etc/perf-profile2.conf 
  - /vendor/etc/perf-profile3.conf 
  - /vendor/etc/perf-profile4.conf 
  - /vendor/etc/perf-profile5.conf 
  - /vendor/lib/egl/eglSubDriverAndroid.so 
  - /vendor/lib/egl/libEGL_adreno.so 
  - /vendor/lib/egl/libGLESv1_CM_adreno.so 
  - /vendor/lib/egl/libGLESv2_adreno.so 
  - /vendor/lib/egl/libQTapGLES.so 
  - /vendor/lib/egl/libq3dtools_adreno.so 
  - /vendor/lib/egl/libq3dtools_esx.so 
  - /vendor/lib/hw/flp.default.so 
  - /vendor/lib/hw/gatekeeper.msm8994.so 
  - /vendor/lib/hw/keystore.msm8994.so 
  - /vendor/lib/lib-sec-disp.so 
  - /vendor/lib/libC2D2.so 
  - /vendor/lib/libCB.so 
  - /vendor/lib/libDxHdcp.so 
  - /vendor/lib/libEGL_adreno.so 
  - /vendor/lib/libFlacSwDec.so 
  - /vendor/lib/libI420colorconvert.so 
  - /vendor/lib/libOpenCL.so 
  - /vendor/lib/libQSEEComAPI.so 
  - /vendor/lib/libRSDriver_adreno.so 
  - /vendor/lib/libSecureUILib.so 
  - /vendor/lib/libSonyIMX230PdafLibrary.so 
  - /vendor/lib/libTimeService.so 
  - /vendor/lib/libWVStreamControlAPI_L1.so 
  - /vendor/lib/libacdb-fts.so 
  - /vendor/lib/libacdbloader.so 
  - /vendor/lib/libacdbmapper.so 
  - /vendor/lib/libacdbrtac.so 
  - /vendor/lib/libactuator_mot_lc898212xd.so 
  - /vendor/lib/libactuator_mot_lc898212xd_camcorder.so 
  - /vendor/lib/libactuator_mot_lc898212xd_camera.so 
  - /vendor/lib/libadiertac.so 
  - /vendor/lib/libadreno_utils.so 
  - /vendor/lib/libadsprpc.so 
  - /vendor/lib/libalarmservice_jni.so 
  - /vendor/lib/libaudcal.so 
  - /vendor/lib/libbccQTI.so 
  - /vendor/lib/libbtnv.so 
  - /vendor/lib/libc2d30-a3xx.so 
  - /vendor/lib/libc2d30-a4xx.so 
  - /vendor/lib/libcamerabgproc-jni.so 
  - /vendor/lib/libchromatix_mot_imx230_common.so 
  - /vendor/lib/libchromatix_mot_imx230_common_ihdr.so 
  - /vendor/lib/libchromatix_mot_imx230_cpp_hfr_120.so 
  - /vendor/lib/libchromatix_mot_imx230_cpp_liveshot.so 
  - /vendor/lib/libchromatix_mot_imx230_cpp_liveshot_video_4k.so 
  - /vendor/lib/libchromatix_mot_imx230_cpp_liveshot_video_ihdr.so 
  - /vendor/lib/libchromatix_mot_imx230_cpp_liveshot_video_ihdr_4k.so 
  - /vendor/lib/libchromatix_mot_imx230_cpp_snapshot.so 
  - /vendor/lib/libchromatix_mot_imx230_cpp_snapshot_night.so 
  - /vendor/lib/libchromatix_mot_imx230_cpp_video.so 
  - /vendor/lib/libchromatix_mot_imx230_cpp_video_4k.so 
  - /vendor/lib/libchromatix_mot_imx230_cpp_video_ihdr.so 
  - /vendor/lib/libchromatix_mot_imx230_cpp_video_ihdr_4k.so 
  - /vendor/lib/libchromatix_mot_imx230_default_video.so 
  - /vendor/lib/libchromatix_mot_imx230_hfr_120.so 
  - /vendor/lib/libchromatix_mot_imx230_postproc.so 
  - /vendor/lib/libchromatix_mot_imx230_snapshot.so 
  - /vendor/lib/libchromatix_mot_imx230_snapshot_night.so 
  - /vendor/lib/libchromatix_mot_imx230_video_4k.so 
  - /vendor/lib/libchromatix_mot_imx230_video_ihdr.so 
  - /vendor/lib/libchromatix_mot_imx230_video_ihdr_4k.so 
  - /vendor/lib/libchromatix_ov5693_common.so 
  - /vendor/lib/libchromatix_ov5693_cpp_hfr_120.so 
  - /vendor/lib/libchromatix_ov5693_cpp_liveshot.so 
  - /vendor/lib/libchromatix_ov5693_cpp_preview.so 
  - /vendor/lib/libchromatix_ov5693_cpp_snapshot.so 
  - /vendor/lib/libchromatix_ov5693_cpp_snapshot_night.so 
  - /vendor/lib/libchromatix_ov5693_cpp_video.so 
  - /vendor/lib/libchromatix_ov5693_hfr_120.so 
  - /vendor/lib/libchromatix_ov5693_postproc.so 
  - /vendor/lib/libchromatix_ov5693_snapshot.so 
  - /vendor/lib/libchromatix_ov5693_snapshot_night.so 
  - /vendor/lib/libchromatix_ov5693_video.so 
  - /vendor/lib/libcne.so 
  - /vendor/lib/libcneapiclient.so 
  - /vendor/lib/libcneqmiutils.so 
  - /vendor/lib/libconfigdb.so 
  - /vendor/lib/libdataitems.so 
  - /vendor/lib/libdiag.so 
  - /vendor/lib/libdrmfs.so 
  - /vendor/lib/libdrmtime.so 
  - /vendor/lib/libdsi_netctrl.so 
  - /vendor/lib/libdsutils.so 
  - /vendor/lib/libfastcvadsp_stub.so 
  - /vendor/lib/libfastcvopt.so 
  - /vendor/lib/libflash_pmic.so 
  - /vendor/lib/libflash_sky81296.so 
  - /vendor/lib/libflp.so 
  - /vendor/lib/libgeofence.so 
  - /vendor/lib/libgsl.so 
  - /vendor/lib/libidl.so 
  - /vendor/lib/libizat_core.so 
  - /vendor/lib/libjpegdhw.so 
  - /vendor/lib/libjpegdmahw.so 
  - /vendor/lib/libjpegehw.so 
  - /vendor/lib/liblbs_core.so 
  - /vendor/lib/libllvd_smore.so 
  - /vendor/lib/libllvm-glnext.so 
  - /vendor/lib/libllvm-qcom.so 
  - /vendor/lib/liblocationservice.so 
  - /vendor/lib/liblocationservice_glue.so 
  - /vendor/lib/liblowi_client.so 
  - /vendor/lib/liblqe.so 
  - /vendor/lib/libmdmdetect.so 
  - /vendor/lib/libmdsprpc.so 
  - /vendor/lib/libmm-als.so 
  - /vendor/lib/libmm-color-convertor.so 
  - /vendor/lib/libmm-disp-apis.so 
  - /vendor/lib/libmm-hdcpmgr.so 
  - /vendor/lib/libmm-qdcm.so 
  - /vendor/lib/libmmQSM.so 
  - /vendor/lib/libmmcamera2_c2d_module.so 
  - /vendor/lib/libmmcamera2_cpp_module.so 
  - /vendor/lib/libmmcamera2_frame_algorithm.so 
  - /vendor/lib/libmmcamera2_iface_modules.so 
  - /vendor/lib/libmmcamera2_imglib_modules.so 
  - /vendor/lib/libmmcamera2_is.so 
  - /vendor/lib/libmmcamera2_isp_modules.so 
  - /vendor/lib/libmmcamera2_pp_buf_mgr.so 
  - /vendor/lib/libmmcamera2_pproc_modules.so 
  - /vendor/lib/libmmcamera2_q3a_core.so 
  - /vendor/lib/libmmcamera2_sensor_debug.so 
  - /vendor/lib/libmmcamera2_sensor_modules.so 
  - /vendor/lib/libmmcamera2_stats_algorithm.so 
  - /vendor/lib/libmmcamera2_stats_modules.so 
  - /vendor/lib/libmmcamera2_vpe_module.so 
  - /vendor/lib/libmmcamera2_wnr_module.so 
  - /vendor/lib/libmmcamera_cac2_lib.so 
  - /vendor/lib/libmmcamera_chromaflash_lib.so 
  - /vendor/lib/libmmcamera_eeprom_util.so 
  - /vendor/lib/libmmcamera_eztune_module.so 
  - /vendor/lib/libmmcamera_faceproc.so 
  - /vendor/lib/libmmcamera_hdr_gb_lib.so 
  - /vendor/lib/libmmcamera_imglib.so 
  - /vendor/lib/libmmcamera_isp_abf44.so 
  - /vendor/lib/libmmcamera_isp_bcc44.so 
  - /vendor/lib/libmmcamera_isp_be_stats44.so 
  - /vendor/lib/libmmcamera_isp_bf_scale_stats46.so 
  - /vendor/lib/libmmcamera_isp_bf_stats44.so 
  - /vendor/lib/libmmcamera_isp_bg_stats46.so 
  - /vendor/lib/libmmcamera_isp_bhist_stats44.so 
  - /vendor/lib/libmmcamera_isp_bpc44.so 
  - /vendor/lib/libmmcamera_isp_chroma_enhan40.so 
  - /vendor/lib/libmmcamera_isp_chroma_suppress40.so 
  - /vendor/lib/libmmcamera_isp_clamp_encoder40.so 
  - /vendor/lib/libmmcamera_isp_clamp_video40.so 
  - /vendor/lib/libmmcamera_isp_clamp_viewfinder40.so 
  - /vendor/lib/libmmcamera_isp_clf46.so 
  - /vendor/lib/libmmcamera_isp_color_correct46.so 
  - /vendor/lib/libmmcamera_isp_color_xform_encoder46.so 
  - /vendor/lib/libmmcamera_isp_color_xform_viewfinder46.so 
  - /vendor/lib/libmmcamera_isp_cs_stats46.so 
  - /vendor/lib/libmmcamera_isp_demosaic44.so 
  - /vendor/lib/libmmcamera_isp_demux40.so 
  - /vendor/lib/libmmcamera_isp_fovcrop_encoder46.so 
  - /vendor/lib/libmmcamera_isp_fovcrop_viewfinder46.so 
  - /vendor/lib/libmmcamera_isp_gamma44.so 
  - /vendor/lib/libmmcamera_isp_ihist_stats46.so 
  - /vendor/lib/libmmcamera_isp_linearization40.so 
  - /vendor/lib/libmmcamera_isp_ltm44.so 
  - /vendor/lib/libmmcamera_isp_mce40.so 
  - /vendor/lib/libmmcamera_isp_mesh_rolloff44.so 
  - /vendor/lib/libmmcamera_isp_rs_stats46.so 
  - /vendor/lib/libmmcamera_isp_scaler_encoder46.so 
  - /vendor/lib/libmmcamera_isp_scaler_viewfinder46.so 
  - /vendor/lib/libmmcamera_isp_sce40.so 
  - /vendor/lib/libmmcamera_isp_sub_module.so 
  - /vendor/lib/libmmcamera_isp_wb46.so 
  - /vendor/lib/libmmcamera_llvd.so 
  - /vendor/lib/libmmcamera_mot_imx230.so 
  - /vendor/lib/libmmcamera_omnivision_ov5693_eeprom.so 
  - /vendor/lib/libmmcamera_optizoom_lib.so 
  - /vendor/lib/libmmcamera_ov5693.so 
  - /vendor/lib/libmmcamera_pdaf.so 
  - /vendor/lib/libmmcamera_pdaf_v3.so 
  - /vendor/lib/libmmcamera_pdafcamif.so 
  - /vendor/lib/libmmcamera_ppbase_module.so 
  - /vendor/lib/libmmcamera_sony_imx230_eeprom.so 
  - /vendor/lib/libmmcamera_stillmore_lib.so 
  - /vendor/lib/libmmcamera_tintless_algo.so 
  - /vendor/lib/libmmcamera_tintless_bg_pca_algo.so 
  - /vendor/lib/libmmcamera_trueportrait_lib.so 
  - /vendor/lib/libmmcamera_ubifocus_lib.so 
  - /vendor/lib/libmmcamera_vpu_module.so 
  - /vendor/lib/libmmcamera_vstab_module.so 
  - /vendor/lib/libmmipl.so 
  - /vendor/lib/libmmjpeg.so 
  - /vendor/lib/libmmparser_lite.so 
  - /vendor/lib/libmmqjpeg_codec.so 
  - /vendor/lib/libmmqjpegdma.so 
  - /vendor/lib/libmmrtpdecoder.so 
  - /vendor/lib/libmmrtpencoder.so 
  - /vendor/lib/libmotocalibration.so 
  - /vendor/lib/libnetmgr.so 
  - /vendor/lib/liboemcamera.so 
  - /vendor/lib/liboemcrypto.so 
  - /vendor/lib/libperipheral_client.so 
  - /vendor/lib/libpvr.so 
  - /vendor/lib/libqcci_legacy.so 
  - /vendor/lib/libqdi.so 
  - /vendor/lib/libqdp.so 
  - /vendor/lib/libqmi.so 
  - /vendor/lib/libqmi_cci.so 
  - /vendor/lib/libqmi_client_helper.so 
  - /vendor/lib/libqmi_client_qmux.so 
  - /vendor/lib/libqmi_common_so.so 
  - /vendor/lib/libqmi_csi.so 
  - /vendor/lib/libqmi_encdec.so 
  - /vendor/lib/libqmiservices.so 
  - /vendor/lib/libqomx_jpegdec.so 
  - /vendor/lib/libqomx_jpegenc.so 
  - /vendor/lib/libqomx_jpegenc_pipe.so 
  - /vendor/lib/libqti-perfd-client.so 
  - /vendor/lib/libquipc_os_api.so 
  - /vendor/lib/libril-qc-ltedirectdisc.so 
  - /vendor/lib/libril-qc-qmi-1.so 
  - /vendor/lib/libril-qc-radioconfig.so 
  - /vendor/lib/libril-qcril-hook-oem.so 
  - /vendor/lib/librilqmiservices.so 
  - /vendor/lib/librmp.so 
  - /vendor/lib/librpmb.so 
  - /vendor/lib/librs_adreno.so 
  - /vendor/lib/librs_adreno_sha1.so 
  - /vendor/lib/libscale.so 
  - /system/vendor/lib/libsd_sdk_display.so 
    !! file not found in source
  - /vendor/lib/libsecureui.so 
  - /vendor/lib/libsecureui_svcsock.so 
  - /vendor/lib/libsecureuisvc_jni.so 
  - /vendor/lib/libsensor1.so 
  - /vendor/lib/libsettings.so 
  - /vendor/lib/libsi.so 
  - /vendor/lib/libsmemlog.so 
  - /vendor/lib/libssd.so 
  - /vendor/lib/libsubsystem_control.so 
  - /vendor/lib/libsystem_health_mon.so 
  - /vendor/lib/libthermalclient.so 
  - /vendor/lib/libtzdrmgenprov.so 
  - /vendor/lib/libulp2.so 
  - /vendor/lib/libvendorconn.so 
  - /vendor/lib/libvoice-svc.so 
  - /vendor/lib/libwqe.so 
  - /vendor/lib/libwvdrm_L1.so 
  - /vendor/lib/libxml.so 
  - /vendor/lib/libxt_native.so 
  - /vendor/lib/libxtadapter.so 
  - /vendor/lib/mediadrm/libdrmclearkeyplugin.so 
  - /vendor/lib/mediadrm/libwvdrmengine.so 
  - /vendor/lib/rfsa/adsp/fastrpc_shell_0 
  - /vendor/lib/rfsa/adsp/libapps_mem_heap.so 
  - /vendor/lib/rfsa/adsp/libdspCV_skel.so 
  - /vendor/lib/rfsa/adsp/libfastcvadsp.so 
  - /vendor/lib/rfsa/adsp/libfastcvadsp_skel.so 
  - /vendor/lib/soundfx/libqcbassboost.so 
  - /vendor/lib/soundfx/libqcreverb.so 
  - /vendor/lib/soundfx/libqcvirt.so 
  - /vendor/lib64/egl/eglSubDriverAndroid.so 
  - /vendor/lib64/egl/libEGL_adreno.so 
  - /vendor/lib64/egl/libGLESv1_CM_adreno.so 
  - /vendor/lib64/egl/libGLESv2_adreno.so 
  - /vendor/lib64/egl/libQTapGLES.so 
  - /vendor/lib64/egl/libq3dtools_adreno.so 
  - /vendor/lib64/egl/libq3dtools_esx.so 
  - /vendor/lib64/hw/flp.default.so 
  - /vendor/lib64/hw/gatekeeper.msm8994.so 
  - /vendor/lib64/hw/keystore.msm8994.so 
  - /vendor/lib64/lib-sec-disp.so 
  - /vendor/lib64/libC2D2.so 
  - /vendor/lib64/libCB.so 
  - /vendor/lib64/libEGL_adreno.so 
  - /vendor/lib64/libFlacSwDec.so 
  - /vendor/lib64/libI420colorconvert.so 
  - /vendor/lib64/libOpenCL.so 
  - /vendor/lib64/libQSEEComAPI.so 
  - /vendor/lib64/libRSDriver_adreno.so 
  - /vendor/lib64/libSecureUILib.so 
  - /vendor/lib64/libTimeService.so 
  - /vendor/lib64/libacdb-fts.so 
  - /vendor/lib64/libacdbloader.so 
  - /vendor/lib64/libacdbmapper.so 
  - /vendor/lib64/libacdbrtac.so 
  - /vendor/lib64/libadiertac.so 
  - /vendor/lib64/libadreno_utils.so 
  - /vendor/lib64/libadsprpc.so 
  - /vendor/lib64/libalarmservice_jni.so 
  - /vendor/lib64/libaudcal.so 
  - /vendor/lib64/libbccQTI.so 
  - /vendor/lib64/libbtnv.so 
  - /vendor/lib64/libc2d30-a3xx.so 
  - /vendor/lib64/libc2d30-a4xx.so 
  - /vendor/lib64/libcamerabgproc-jni.so 
  - /vendor/lib64/libcne.so 
  - /vendor/lib64/libcneapiclient.so 
  - /vendor/lib64/libcneqmiutils.so 
  - /vendor/lib64/libconfigdb.so 
  - /vendor/lib64/libdataitems.so 
  - /vendor/lib64/libdiag.so 
  - /vendor/lib64/libdrmfs.so 
  - /vendor/lib64/libdrmtime.so 
  - /vendor/lib64/libdsi_netctrl.so 
  - /vendor/lib64/libdsutils.so 
  - /vendor/lib64/libflp.so 
  - /vendor/lib64/libgeofence.so 
  - /vendor/lib64/libgsl.so 
  - /vendor/lib64/libidl.so 
  - /vendor/lib64/libizat_core.so 
  - /vendor/lib64/liblbs_core.so 
  - /vendor/lib64/libllvm-glnext.so 
  - /vendor/lib64/libllvm-qcom.so 
  - /vendor/lib64/liblocationservice.so 
  - /vendor/lib64/liblocationservice_glue.so 
  - /vendor/lib64/liblowi_client.so 
  - /vendor/lib64/liblqe.so 
  - /vendor/lib64/libmdmdetect.so 
  - /vendor/lib64/libmdsprpc.so 
  - /vendor/lib64/libmm-als.so 
  - /vendor/lib64/libmm-color-convertor.so 
  - /vendor/lib64/libmm-disp-apis.so 
  - /vendor/lib64/libmm-hdcpmgr.so 
  - /vendor/lib64/libmm-qdcm.so 
  - /vendor/lib64/libmmcamera2_sensor_debug.so 
  - /vendor/lib64/libmmcamera2_stats_algorithm.so 
  - /vendor/lib64/libmotocalibration.so 
  - /vendor/lib64/libnetmgr.so 
  - /vendor/lib64/libperipheral_client.so 
  - /system/vendor/lib64/libprotobuf-cpp-lpro.so 
    !! file not found in source
  - /system/vendor/lib64/libprotobuf-cpp-preo.so 
    !! file not found in source
  - /vendor/lib64/libpvr.so 
  - /vendor/lib64/libqcci_legacy.so 
  - /vendor/lib64/libqcmaputils.so 
  - /vendor/lib64/libqdi.so 
  - /vendor/lib64/libqdp.so 
  - /vendor/lib64/libqmi.so 
  - /vendor/lib64/libqmi_cci.so 
  - /vendor/lib64/libqmi_client_helper.so 
  - /vendor/lib64/libqmi_client_qmux.so 
  - /vendor/lib64/libqmi_common_so.so 
  - /vendor/lib64/libqmi_csi.so 
  - /vendor/lib64/libqmi_encdec.so 
  - /vendor/lib64/libqmiservices.so 
  - /vendor/lib64/libqti-perfd-client.so 
  - /vendor/lib64/libquipc_os_api.so 
  - /vendor/lib64/libril-qc-ltedirectdisc.so 
  - /vendor/lib64/libril-qc-qmi-1.so 
  - /vendor/lib64/libril-qc-radioconfig.so 
  - /vendor/lib64/libril-qcril-hook-oem.so 
  - /vendor/lib64/librilqmiservices.so 
  - /vendor/lib64/librmp.so 
  - /vendor/lib64/librpmb.so 
  - /vendor/lib64/librs_adreno.so 
  - /vendor/lib64/librs_adreno_sha1.so 
  - /vendor/lib64/libscale.so 
  - /system/vendor/lib64/libsd_sdk_display.so 
    !! file not found in source
  - /vendor/lib64/libsecureui.so 
  - /vendor/lib64/libsecureui_svcsock.so 
  - /vendor/lib64/libsecureuisvc_jni.so 
  - /vendor/lib64/libsensor1.so 
  - /vendor/lib64/libsettings.so 
  - /vendor/lib64/libsi.so 
  - /vendor/lib64/libsmemlog.so 
  - /vendor/lib64/libssd.so 
  - /vendor/lib64/libsubsystem_control.so 
  - /vendor/lib64/libsystem_health_mon.so 
  - /vendor/lib64/libthermalclient.so 
  - /vendor/lib64/libtzdrmgenprov.so 
  - /vendor/lib64/libulp2.so 
  - /vendor/lib64/libvendorconn.so 
  - /vendor/lib64/libvoice-svc.so 
  - /vendor/lib64/libwqe.so 
  - /vendor/lib64/libxml.so 
  - /vendor/lib64/libxt_native.so 
  - /vendor/lib64/libxtadapter.so 
  - /vendor/lib64/mediadrm/libdrmclearkeyplugin.so 
  - /vendor/qcril.db 
  - /system/PRESIGNED 
    !! file not found in source
  - /app/TimeService/TimeService.apk 
    (updated /app/TimeService/TimeService.apk from odex files)
  - /lib/libloc_api_v02.so 
  - /lib/libloc_ds_api.so 
  - /lib64/libloc_api_v02.so 
  - /lib64/libloc_ds_api.so 
  - /priv-app/CNEService/CNEService.apk 
  - /priv-app/atfwd/atfwd.apk 
    (updated /priv-app/atfwd/atfwd.apk from odex files)
  - /priv-app/qcrilmsgtunnel/qcrilmsgtunnel.apk 
    (updated /priv-app/qcrilmsgtunnel/qcrilmsgtunnel.apk from odex files)
  - /vendor/lib/libtime_genoff.so 
  - /vendor/lib64/libtime_genoff.so 
